// Jest Snapshot v1, https://goo.gl/fbAQLP

exports[`Group of Profile tests Test if Profile page is rendering correctly 1`] = `
<div
  className="d-flex justify-content-evenly container"
>
  <div
    className="list-group"
    onKeyDown={[Function]}
  >
    <h2>
      My Rockets
    </h2>
  </div>
  <div
    className="list-group"
    onKeyDown={[Function]}
  >
    <h2>
      My missions
    </h2>
  </div>
</div>
`;
